TOKENS: [{"column":1,"lexeme":"CREATE","line":1,"type":"KEYWORD"},{"column":8,"lexeme":"TABLE","line":1,"type":"KEYWORD"},{"column":14,"lexeme":"student","line":1,"type":"IDENTIFIER"},{"column":21,"lexeme":"(","line":1,"type":"DELIMITER"},{"column":22,"lexeme":"id","line":1,"type":"IDENTIFIER"},{"column":25,"lexeme":"INT","line":1,"type":"KEYWORD"},{"column":28,"lexeme":",","line":1,"type":"DELIMITER"},{"column":30,"lexeme":"name","line":1,"type":"IDENTIFIER"},{"column":35,"lexeme":"VARCHAR","line":1,"type":"KEYWORD"},{"column":42,"lexeme":")","line":1,"type":"DELIMITER"},{"column":43,"lexeme":";","line":1,"type":"DELIMITER"},{"column":44,"lexeme":"","line":1,"type":"EOF"}]
AST: [{"column":1,"columns":[{"col_type":"INT","column":22,"line":1,"name":"id","node":"ColumnDef"},{"col_type":"VARCHAR","column":30,"line":1,"name":"name","node":"ColumnDef"}],"line":1,"node":"CreateTableStmt","table":"student"}]
SEMANTIC: OK
PLAN: {"columns":[{"column":22,"line":1,"name":"id","type":"INT"},{"column":30,"line":1,"name":"name","type":"VARCHAR"}],"op":"CreateTable","table":"student"}
OPT_PLAN: {"columns":[{"column":22,"line":1,"name":"id","type":"INT"},{"column":30,"line":1,"name":"name","type":"VARCHAR"}],"op":"CreateTable","table":"student"}
RESULT: OK
TOKENS: [{"column":1,"lexeme":"INSERT","line":2,"type":"KEYWORD"},{"column":8,"lexeme":"INTO","line":2,"type":"KEYWORD"},{"column":13,"lexeme":"student","line":2,"type":"IDENTIFIER"},{"column":20,"lexeme":"(","line":2,"type":"DELIMITER"},{"column":21,"lexeme":"id","line":2,"type":"IDENTIFIER"},{"column":23,"lexeme":",","line":2,"type":"DELIMITER"},{"column":25,"lexeme":"name","line":2,"type":"IDENTIFIER"},{"column":29,"lexeme":")","line":2,"type":"DELIMITER"},{"column":31,"lexeme":"VALUES","line":2,"type":"KEYWORD"},{"column":37,"lexeme":"(","line":2,"type":"DELIMITER"},{"column":38,"lexeme":"'Alice'","line":2,"type":"CONST"},{"column":45,"lexeme":",","line":2,"type":"DELIMITER"},{"column":47,"lexeme":"1","line":2,"type":"CONST"},{"column":48,"lexeme":")","line":2,"type":"DELIMITER"},{"column":49,"lexeme":";","line":2,"type":"DELIMITER"},{"column":50,"lexeme":"","line":2,"type":"EOF"}]
AST: [{"column":1,"columns":["id","name"],"line":2,"node":"InsertStmt","table":"student","values":[{"column":38,"line":2,"lit_type":"VARCHAR","node":"LiteralExpr","value":"Alice"},{"column":47,"line":2,"lit_type":"INT","node":"LiteralExpr","value":1}]}]
[SEMANTIC] Error at line 2, column 38: 列 id 需要 INT，实际为 VARCHAR
[SEMANTIC] Error at line 2, column 47: 列 name 需要 VARCHAR，实际为 INT
EXIT: 1
