TOKENS: [{"column":1,"lexeme":"CREATE","line":1,"type":"KEYWORD"},{"column":8,"lexeme":"TABLE","line":1,"type":"KEYWORD"},{"column":14,"lexeme":"t","line":1,"type":"IDENTIFIER"},{"column":15,"lexeme":"(","line":1,"type":"DELIMITER"},{"column":16,"lexeme":"id","line":1,"type":"IDENTIFIER"},{"column":19,"lexeme":"INT","line":1,"type":"KEYWORD"},{"column":22,"lexeme":",","line":1,"type":"DELIMITER"},{"column":24,"lexeme":"name","line":1,"type":"IDENTIFIER"},{"column":29,"lexeme":"VARCHAR","line":1,"type":"KEYWORD"},{"column":36,"lexeme":")","line":1,"type":"DELIMITER"},{"column":37,"lexeme":";","line":1,"type":"DELIMITER"},{"column":38,"lexeme":"","line":1,"type":"EOF"}]
AST: [{"column":1,"columns":[{"col_type":"INT","column":16,"line":1,"name":"id","node":"ColumnDef"},{"col_type":"VARCHAR","column":24,"line":1,"name":"name","node":"ColumnDef"}],"line":1,"node":"CreateTableStmt","table":"t"}]
SEMANTIC: OK
PLAN: {"columns":[{"column":16,"line":1,"name":"id","type":"INT"},{"column":24,"line":1,"name":"name","type":"VARCHAR"}],"op":"CreateTable","table":"t"}
OPT_PLAN: {"columns":[{"column":16,"line":1,"name":"id","type":"INT"},{"column":24,"line":1,"name":"name","type":"VARCHAR"}],"op":"CreateTable","table":"t"}
RESULT: OK
TOKENS: [{"column":1,"lexeme":"INSERT","line":2,"type":"KEYWORD"},{"column":8,"lexeme":"INTO","line":2,"type":"KEYWORD"},{"column":13,"lexeme":"t","line":2,"type":"IDENTIFIER"},{"column":14,"lexeme":"(","line":2,"type":"DELIMITER"},{"column":15,"lexeme":"id","line":2,"type":"IDENTIFIER"},{"column":17,"lexeme":",","line":2,"type":"DELIMITER"},{"column":18,"lexeme":"name","line":2,"type":"IDENTIFIER"},{"column":22,"lexeme":")","line":2,"type":"DELIMITER"},{"column":24,"lexeme":"VALUES","line":2,"type":"KEYWORD"},{"column":30,"lexeme":"(","line":2,"type":"DELIMITER"},{"column":31,"lexeme":"1","line":2,"type":"CONST"},{"column":32,"lexeme":",","line":2,"type":"DELIMITER"},{"column":33,"lexeme":"'张三'","line":2,"type":"CONST"},{"column":37,"lexeme":")","line":2,"type":"DELIMITER"},{"column":38,"lexeme":";","line":2,"type":"DELIMITER"},{"column":39,"lexeme":"","line":2,"type":"EOF"}]
AST: [{"column":1,"columns":["id","name"],"line":2,"node":"InsertStmt","table":"t","values":[{"column":31,"line":2,"lit_type":"INT","node":"LiteralExpr","value":1},{"column":33,"line":2,"lit_type":"VARCHAR","node":"LiteralExpr","value":"张三"}]}]
SEMANTIC: OK
PLAN: {"columns":["id","name"],"op":"Insert","table":"t","values":[1,"张三"]}
OPT_PLAN: {"columns":["id","name"],"op":"Insert","table":"t","values":[1,"张三"]}
RESULT: 1 row inserted
TOKENS: [{"column":1,"lexeme":"INSERT","line":3,"type":"KEYWORD"},{"column":8,"lexeme":"INTO","line":3,"type":"KEYWORD"},{"column":13,"lexeme":"t","line":3,"type":"IDENTIFIER"},{"column":14,"lexeme":"(","line":3,"type":"DELIMITER"},{"column":15,"lexeme":"id","line":3,"type":"IDENTIFIER"},{"column":17,"lexeme":",","line":3,"type":"DELIMITER"},{"column":18,"lexeme":"name","line":3,"type":"IDENTIFIER"},{"column":22,"lexeme":")","line":3,"type":"DELIMITER"},{"column":24,"lexeme":"VALUES","line":3,"type":"KEYWORD"},{"column":30,"lexeme":"(","line":3,"type":"DELIMITER"},{"column":31,"lexeme":"2","line":3,"type":"CONST"},{"column":32,"lexeme":",","line":3,"type":"DELIMITER"},{"column":33,"lexeme":"'李四'","line":3,"type":"CONST"},{"column":37,"lexeme":")","line":3,"type":"DELIMITER"},{"column":38,"lexeme":";","line":3,"type":"DELIMITER"},{"column":39,"lexeme":"","line":3,"type":"EOF"}]
AST: [{"column":1,"columns":["id","name"],"line":3,"node":"InsertStmt","table":"t","values":[{"column":31,"line":3,"lit_type":"INT","node":"LiteralExpr","value":2},{"column":33,"line":3,"lit_type":"VARCHAR","node":"LiteralExpr","value":"李四"}]}]
SEMANTIC: OK
PLAN: {"columns":["id","name"],"op":"Insert","table":"t","values":[2,"李四"]}
OPT_PLAN: {"columns":["id","name"],"op":"Insert","table":"t","values":[2,"李四"]}
RESULT: 1 row inserted
TOKENS: [{"column":1,"lexeme":"SELECT","line":4,"type":"KEYWORD"},{"column":8,"lexeme":"name","line":4,"type":"IDENTIFIER"},{"column":13,"lexeme":"AS","line":4,"type":"IDENTIFIER"},{"column":16,"lexeme":"label","line":4,"type":"IDENTIFIER"},{"column":22,"lexeme":"FROM","line":4,"type":"KEYWORD"},{"column":27,"lexeme":"t","line":4,"type":"IDENTIFIER"},{"column":29,"lexeme":"ORDER","line":4,"type":"KEYWORD"},{"column":35,"lexeme":"BY","line":4,"type":"KEYWORD"},{"column":38,"lexeme":"id","line":4,"type":"IDENTIFIER"},{"column":41,"lexeme":"DESC","line":4,"type":"IDENTIFIER"},{"column":45,"lexeme":";","line":4,"type":"DELIMITER"},{"column":46,"lexeme":"","line":4,"type":"EOF"}]
AST: [{"column":1,"columns":[],"items":[{"alias":"label","column":8,"expr":{"column":8,"line":4,"name":"name","node":"IdentifierExpr"},"line":4,"node":"SelectItem","qualifier":null}],"line":4,"node":"SelectStmt","order_by":[{"column":38,"descending":true,"expr":{"column":38,"line":4,"name":"id","node":"IdentifierExpr"},"line":4,"node":"OrderItem"}],"table":"t","where":null}]
SEMANTIC: OK
PLAN: {"child":{"child":{"op":"SeqScan","output":[{"name":"id","qualifier":"t","type":"INT"},{"name":"name","qualifier":"t","type":"VARCHAR"}],"table":"t"},"keys":[{"descending":true,"expr":{"column":38,"index":0,"line":4,"node":"BoundColumnExpr","value_type":"INT"}}],"op":"Sort"},"items":[{"expr":{"column":8,"index":1,"line":4,"node":"BoundColumnExpr","value_type":"VARCHAR"},"label":"label"}],"op":"Project"}
OPT_PLAN: {"child":{"child":{"op":"SeqScan","output":[{"name":"id","qualifier":"t","type":"INT"},{"name":"name","qualifier":"t","type":"VARCHAR"}],"table":"t"},"keys":[{"descending":true,"expr":{"column":38,"index":0,"line":4,"node":"BoundColumnExpr","value_type":"INT"}}],"op":"Sort"},"items":[{"expr":{"column":8,"index":1,"line":4,"node":"BoundColumnExpr","value_type":"VARCHAR"},"label":"label"}],"op":"Project"}
COLUMNS: ["label"]
ROW: ["李四"]
ROW: ["张三"]
RESULT: 2 rows selected
EXIT: 0
