TOKENS: [{"column":1,"lexeme":"CREATE","line":1,"type":"KEYWORD"},{"column":8,"lexeme":"TABLE","line":1,"type":"KEYWORD"},{"column":14,"lexeme":"t","line":1,"type":"IDENTIFIER"},{"column":15,"lexeme":"(","line":1,"type":"DELIMITER"},{"column":16,"lexeme":"id","line":1,"type":"IDENTIFIER"},{"column":19,"lexeme":"INT","line":1,"type":"KEYWORD"},{"column":22,"lexeme":",","line":1,"type":"DELIMITER"},{"column":24,"lexeme":"score","line":1,"type":"IDENTIFIER"},{"column":30,"lexeme":"INT","line":1,"type":"KEYWORD"},{"column":33,"lexeme":")","line":1,"type":"DELIMITER"},{"column":34,"lexeme":";","line":1,"type":"DELIMITER"},{"column":35,"lexeme":"","line":1,"type":"EOF"}]
AST: [{"column":1,"columns":[{"col_type":"INT","column":16,"line":1,"name":"id","node":"ColumnDef"},{"col_type":"INT","column":24,"line":1,"name":"score","node":"ColumnDef"}],"line":1,"node":"CreateTableStmt","table":"t"}]
SEMANTIC: OK
PLAN: {"columns":[{"column":16,"line":1,"name":"id","type":"INT"},{"column":24,"line":1,"name":"score","type":"INT"}],"op":"CreateTable","table":"t"}
OPT_PLAN: {"columns":[{"column":16,"line":1,"name":"id","type":"INT"},{"column":24,"line":1,"name":"score","type":"INT"}],"op":"CreateTable","table":"t"}
RESULT: OK
TOKENS: [{"column":1,"lexeme":"INSERT","line":2,"type":"KEYWORD"},{"column":8,"lexeme":"INTO","line":2,"type":"KEYWORD"},{"column":13,"lexeme":"t","line":2,"type":"IDENTIFIER"},{"column":14,"lexeme":"(","line":2,"type":"DELIMITER"},{"column":15,"lexeme":"id","line":2,"type":"IDENTIFIER"},{"column":17,"lexeme":",","line":2,"type":"DELIMITER"},{"column":18,"lexeme":"score","line":2,"type":"IDENTIFIER"},{"column":23,"lexeme":")","line":2,"type":"DELIMITER"},{"column":25,"lexeme":"VALUES","line":2,"type":"KEYWORD"},{"column":31,"lexeme":"(","line":2,"type":"DELIMITER"},{"column":32,"lexeme":"1","line":2,"type":"CONST"},{"column":33,"lexeme":",","line":2,"type":"DELIMITER"},{"column":34,"lexeme":"80","line":2,"type":"CONST"},{"column":36,"lexeme":")","line":2,"type":"DELIMITER"},{"column":37,"lexeme":";","line":2,"type":"DELIMITER"},{"column":38,"lexeme":"","line":2,"type":"EOF"}]
AST: [{"column":1,"columns":["id","score"],"line":2,"node":"InsertStmt","table":"t","values":[{"column":32,"line":2,"lit_type":"INT","node":"LiteralExpr","value":1},{"column":34,"line":2,"lit_type":"INT","node":"LiteralExpr","value":80}]}]
SEMANTIC: OK
PLAN: {"columns":["id","score"],"op":"Insert","table":"t","values":[1,80]}
OPT_PLAN: {"columns":["id","score"],"op":"Insert","table":"t","values":[1,80]}
RESULT: 1 row inserted
TOKENS: [{"column":1,"lexeme":"INSERT","line":3,"type":"KEYWORD"},{"column":8,"lexeme":"INTO","line":3,"type":"KEYWORD"},{"column":13,"lexeme":"t","line":3,"type":"IDENTIFIER"},{"column":14,"lexeme":"(","line":3,"type":"DELIMITER"},{"column":15,"lexeme":"id","line":3,"type":"IDENTIFIER"},{"column":17,"lexeme":",","line":3,"type":"DELIMITER"},{"column":18,"lexeme":"score","line":3,"type":"IDENTIFIER"},{"column":23,"lexeme":")","line":3,"type":"DELIMITER"},{"column":25,"lexeme":"VALUES","line":3,"type":"KEYWORD"},{"column":31,"lexeme":"(","line":3,"type":"DELIMITER"},{"column":32,"lexeme":"2","line":3,"type":"CONST"},{"column":33,"lexeme":",","line":3,"type":"DELIMITER"},{"column":34,"lexeme":"90","line":3,"type":"CONST"},{"column":36,"lexeme":")","line":3,"type":"DELIMITER"},{"column":37,"lexeme":";","line":3,"type":"DELIMITER"},{"column":38,"lexeme":"","line":3,"type":"EOF"}]
AST: [{"column":1,"columns":["id","score"],"line":3,"node":"InsertStmt","table":"t","values":[{"column":32,"line":3,"lit_type":"INT","node":"LiteralExpr","value":2},{"column":34,"line":3,"lit_type":"INT","node":"LiteralExpr","value":90}]}]
SEMANTIC: OK
PLAN: {"columns":["id","score"],"op":"Insert","table":"t","values":[2,90]}
OPT_PLAN: {"columns":["id","score"],"op":"Insert","table":"t","values":[2,90]}
RESULT: 1 row inserted
TOKENS: [{"column":1,"lexeme":"UPDATE","line":4,"type":"KEYWORD"},{"column":8,"lexeme":"t","line":4,"type":"IDENTIFIER"},{"column":10,"lexeme":"SET","line":4,"type":"KEYWORD"},{"column":14,"lexeme":"score","line":4,"type":"IDENTIFIER"},{"column":19,"lexeme":"=","line":4,"type":"OPERATOR"},{"column":20,"lexeme":"1","line":4,"type":"CONST"},{"column":21,"lexeme":"/","line":4,"type":"OPERATOR"},{"column":22,"lexeme":"(","line":4,"type":"DELIMITER"},{"column":23,"lexeme":"id","line":4,"type":"IDENTIFIER"},{"column":25,"lexeme":"-","line":4,"type":"OPERATOR"},{"column":26,"lexeme":"2","line":4,"type":"CONST"},{"column":27,"lexeme":")","line":4,"type":"DELIMITER"},{"column":28,"lexeme":";","line":4,"type":"DELIMITER"},{"column":29,"lexeme":"","line":4,"type":"EOF"}]
AST: [{"assignments":[{"column":14,"line":4,"name":"score","node":"Assignment","value":{"column":21,"left":{"column":20,"line":4,"lit_type":"INT","node":"LiteralExpr","value":1},"line":4,"node":"BinaryExpr","op":"/","right":{"column":25,"left":{"column":23,"line":4,"name":"id","node":"IdentifierExpr"},"line":4,"node":"BinaryExpr","op":"-","right":{"column":26,"line":4,"lit_type":"INT","node":"LiteralExpr","value":2}}}}],"column":1,"line":4,"node":"UpdateStmt","table":"t","where":null}]
SEMANTIC: OK
PLAN: {"assignments":[{"expr":{"column":21,"left":{"column":20,"line":4,"lit_type":"INT","node":"LiteralExpr","value":1,"value_type":"INT"},"line":4,"node":"BinaryExpr","op":"/","right":{"column":25,"left":{"column":23,"index":0,"line":4,"node":"BoundColumnExpr","value_type":"INT"},"line":4,"node":"BinaryExpr","op":"-","right":{"column":26,"line":4,"lit_type":"INT","node":"LiteralExpr","value":2,"value_type":"INT"},"value_type":"INT"},"value_type":"INT"},"index":1}],"child":{"op":"SeqScan","table":"t"},"op":"Update","table":"t"}
OPT_PLAN: {"assignments":[{"expr":{"column":21,"left":{"column":20,"line":4,"lit_type":"INT","node":"LiteralExpr","value":1,"value_type":"INT"},"line":4,"node":"BinaryExpr","op":"/","right":{"column":25,"left":{"column":23,"index":0,"line":4,"node":"BoundColumnExpr","value_type":"INT"},"line":4,"node":"BinaryExpr","op":"-","right":{"column":26,"line":4,"lit_type":"INT","node":"LiteralExpr","value":2,"value_type":"INT"},"value_type":"INT"},"value_type":"INT"},"index":1}],"child":{"op":"SeqScan","table":"t"},"op":"Update","table":"t"}
[EXECUTE] Error: division by zero
TOKENS: [{"column":1,"lexeme":"SELECT","line":5,"type":"KEYWORD"},{"column":8,"lexeme":"score","line":5,"type":"IDENTIFIER"},{"column":14,"lexeme":"FROM","line":5,"type":"KEYWORD"},{"column":19,"lexeme":"t","line":5,"type":"IDENTIFIER"},{"column":21,"lexeme":"ORDER","line":5,"type":"KEYWORD"},{"column":27,"lexeme":"BY","line":5,"type":"KEYWORD"},{"column":30,"lexeme":"id","line":5,"type":"IDENTIFIER"},{"column":32,"lexeme":";","line":5,"type":"DELIMITER"},{"column":33,"lexeme":"","line":5,"type":"EOF"}]
AST: [{"column":1,"columns":["score"],"line":5,"node":"SelectStmt","order_by":[{"column":30,"descending":false,"expr":{"column":30,"line":5,"name":"id","node":"IdentifierExpr"},"line":5,"node":"OrderItem"}],"table":"t","where":null}]
SEMANTIC: OK
PLAN: {"child":{"child":{"op":"SeqScan","output":[{"name":"id","qualifier":"t","type":"INT"},{"name":"score","qualifier":"t","type":"INT"}],"table":"t"},"keys":[{"descending":false,"expr":{"column":30,"index":0,"line":5,"node":"BoundColumnExpr","value_type":"INT"}}],"op":"Sort"},"items":[{"expr":{"column":8,"index":1,"line":5,"node":"BoundColumnExpr","value_type":"INT"},"label":"score"}],"op":"Project"}
OPT_PLAN: {"child":{"child":{"op":"SeqScan","output":[{"name":"id","qualifier":"t","type":"INT"},{"name":"score","qualifier":"t","type":"INT"}],"table":"t"},"keys":[{"descending":false,"expr":{"column":30,"index":0,"line":5,"node":"BoundColumnExpr","value_type":"INT"}}],"op":"Sort"},"items":[{"expr":{"column":8,"index":1,"line":5,"node":"BoundColumnExpr","value_type":"INT"},"label":"score"}],"op":"Project"}
COLUMNS: ["score"]
ROW: [80]
ROW: [90]
RESULT: 2 rows selected
EXIT: 1
