TOKENS: [{"column":1,"lexeme":"CREATE","line":1,"type":"KEYWORD"},{"column":8,"lexeme":"TABLE","line":1,"type":"KEYWORD"},{"column":14,"lexeme":"t","line":1,"type":"IDENTIFIER"},{"column":15,"lexeme":"(","line":1,"type":"DELIMITER"},{"column":16,"lexeme":"id","line":1,"type":"IDENTIFIER"},{"column":19,"lexeme":"INT","line":1,"type":"KEYWORD"},{"column":22,"lexeme":",","line":1,"type":"DELIMITER"},{"column":24,"lexeme":"name","line":1,"type":"IDENTIFIER"},{"column":29,"lexeme":"VARCHAR","line":1,"type":"KEYWORD"},{"column":36,"lexeme":")","line":1,"type":"DELIMITER"},{"column":37,"lexeme":";","line":1,"type":"DELIMITER"},{"column":38,"lexeme":"","line":1,"type":"EOF"}]
AST: [{"column":1,"columns":[{"col_type":"INT","column":16,"line":1,"name":"id","node":"ColumnDef"},{"col_type":"VARCHAR","column":24,"line":1,"name":"name","node":"ColumnDef"}],"line":1,"node":"CreateTableStmt","table":"t"}]
SEMANTIC: OK
PLAN: {"columns":[{"column":16,"line":1,"name":"id","type":"INT"},{"column":24,"line":1,"name":"name","type":"VARCHAR"}],"op":"CreateTable","table":"t"}
OPT_PLAN: {"columns":[{"column":16,"line":1,"name":"id","type":"INT"},{"column":24,"line":1,"name":"name","type":"VARCHAR"}],"op":"CreateTable","table":"t"}
RESULT: OK
TOKENS: [{"column":1,"lexeme":"SELECT","line":2,"type":"KEYWORD"},{"column":8,"lexeme":"name","line":2,"type":"IDENTIFIER"},{"column":12,"lexeme":",","line":2,"type":"DELIMITER"},{"column":13,"lexeme":"COUNT","line":2,"type":"IDENTIFIER"},{"column":18,"lexeme":"(","line":2,"type":"DELIMITER"},{"column":19,"lexeme":"*","line":2,"type":"OPERATOR"},{"column":20,"lexeme":")","line":2,"type":"DELIMITER"},{"column":22,"lexeme":"FROM","line":2,"type":"KEYWORD"},{"column":27,"lexeme":"t","line":2,"type":"IDENTIFIER"},{"column":28,"lexeme":";","line":2,"type":"DELIMITER"},{"column":29,"lexeme":"","line":2,"type":"EOF"}]
AST: [{"column":1,"columns":[],"items":[{"alias":null,"column":8,"expr":{"column":8,"line":2,"name":"name","node":"IdentifierExpr"},"line":2,"node":"SelectItem","qualifier":null},{"alias":null,"column":13,"expr":{"argument":null,"column":13,"function":"COUNT","line":2,"node":"AggregateExpr"},"line":2,"node":"SelectItem","qualifier":null}],"line":2,"node":"SelectStmt","table":"t","where":null}]
[SEMANTIC] Error at line 2, column 8: 非聚合列必须出现在 GROUP BY 中：name
EXIT: 1
