TOKENS: [{"column":1,"lexeme":"CREATE","line":1,"type":"KEYWORD"},{"column":8,"lexeme":"TABLE","line":1,"type":"KEYWORD"},{"column":14,"lexeme":"student","line":1,"type":"IDENTIFIER"},{"column":21,"lexeme":"(","line":1,"type":"DELIMITER"},{"column":22,"lexeme":"id","line":1,"type":"IDENTIFIER"},{"column":25,"lexeme":"INT","line":1,"type":"KEYWORD"},{"column":28,"lexeme":",","line":1,"type":"DELIMITER"},{"column":29,"lexeme":"name","line":1,"type":"IDENTIFIER"},{"column":34,"lexeme":"VARCHAR","line":1,"type":"KEYWORD"},{"column":41,"lexeme":")","line":1,"type":"DELIMITER"},{"column":42,"lexeme":";","line":1,"type":"DELIMITER"},{"column":43,"lexeme":"","line":1,"type":"EOF"}]
AST: [{"column":1,"columns":[{"col_type":"INT","column":22,"line":1,"name":"id","node":"ColumnDef"},{"col_type":"VARCHAR","column":29,"line":1,"name":"name","node":"ColumnDef"}],"line":1,"node":"CreateTableStmt","table":"student"}]
SEMANTIC: OK
PLAN: {"columns":[{"column":22,"line":1,"name":"id","type":"INT"},{"column":29,"line":1,"name":"name","type":"VARCHAR"}],"op":"CreateTable","table":"student"}
OPT_PLAN: {"columns":[{"column":22,"line":1,"name":"id","type":"INT"},{"column":29,"line":1,"name":"name","type":"VARCHAR"}],"op":"CreateTable","table":"student"}
TOKENS: [{"column":1,"lexeme":"SELECT","line":2,"type":"KEYWORD"},{"column":8,"lexeme":"*","line":2,"type":"OPERATOR"},{"column":10,"lexeme":"FROM","line":2,"type":"KEYWORD"},{"column":15,"lexeme":"student","line":2,"type":"IDENTIFIER"},{"column":23,"lexeme":"WHERE","line":2,"type":"KEYWORD"},{"column":29,"lexeme":"id","line":2,"type":"IDENTIFIER"},{"column":32,"lexeme":">","line":2,"type":"OPERATOR"},{"column":34,"lexeme":"1","line":2,"type":"CONST"},{"column":36,"lexeme":"AND","line":2,"type":"KEYWORD"},{"column":40,"lexeme":"name","line":2,"type":"IDENTIFIER"},{"column":45,"lexeme":"!=","line":2,"type":"OPERATOR"},{"column":48,"lexeme":"'x'","line":2,"type":"CONST"},{"column":51,"lexeme":";","line":2,"type":"DELIMITER"},{"column":52,"lexeme":"","line":2,"type":"EOF"}]
AST: [{"column":1,"columns":"*","line":2,"node":"SelectStmt","table":"student","where":{"column":36,"left":{"column":32,"left":{"column":29,"line":2,"name":"id","node":"IdentifierExpr"},"line":2,"node":"BinaryExpr","op":">","right":{"column":34,"line":2,"lit_type":"INT","node":"LiteralExpr","value":1}},"line":2,"node":"BinaryExpr","op":"AND","right":{"column":45,"left":{"column":40,"line":2,"name":"name","node":"IdentifierExpr"},"line":2,"node":"BinaryExpr","op":"!=","right":{"column":48,"line":2,"lit_type":"VARCHAR","node":"LiteralExpr","value":"x"}}}}]
SEMANTIC: OK
PLAN: {"child":{"child":{"op":"SeqScan","table":"student"},"op":"Filter","predicate":{"column":36,"left":{"column":32,"left":{"column":29,"line":2,"name":"id","node":"IdentifierExpr"},"line":2,"node":"BinaryExpr","op":">","right":{"column":34,"line":2,"lit_type":"INT","node":"LiteralExpr","value":1}},"line":2,"node":"BinaryExpr","op":"AND","right":{"column":45,"left":{"column":40,"line":2,"name":"name","node":"IdentifierExpr"},"line":2,"node":"BinaryExpr","op":"!=","right":{"column":48,"line":2,"lit_type":"VARCHAR","node":"LiteralExpr","value":"x"}}}},"columns":"*","op":"Project"}
OPT_PLAN: {"child":{"child":{"op":"SeqScan","table":"student"},"op":"Filter","predicate":{"column":36,"left":{"column":32,"left":{"column":29,"line":2,"name":"id","node":"IdentifierExpr"},"line":2,"node":"BinaryExpr","op":">","right":{"column":34,"line":2,"lit_type":"INT","node":"LiteralExpr","value":1}},"line":2,"node":"BinaryExpr","op":"AND","right":{"column":45,"left":{"column":40,"line":2,"name":"name","node":"IdentifierExpr"},"line":2,"node":"BinaryExpr","op":"!=","right":{"column":48,"line":2,"lit_type":"VARCHAR","node":"LiteralExpr","value":"x"}}}},"columns":"*","op":"Project"}
EXIT: 0
