TOKENS: [{"column":1,"lexeme":"CREATE","line":1,"type":"KEYWORD"},{"column":8,"lexeme":"TABLE","line":1,"type":"KEYWORD"},{"column":14,"lexeme":"student","line":1,"type":"IDENTIFIER"},{"column":21,"lexeme":"(","line":1,"type":"DELIMITER"},{"column":22,"lexeme":"id","line":1,"type":"IDENTIFIER"},{"column":25,"lexeme":"INT","line":1,"type":"KEYWORD"},{"column":28,"lexeme":",","line":1,"type":"DELIMITER"},{"column":29,"lexeme":"name","line":1,"type":"IDENTIFIER"},{"column":34,"lexeme":"VARCHAR","line":1,"type":"KEYWORD"},{"column":41,"lexeme":")","line":1,"type":"DELIMITER"},{"column":42,"lexeme":";","line":1,"type":"DELIMITER"},{"column":43,"lexeme":"","line":1,"type":"EOF"}]
AST: [{"column":1,"columns":[{"col_type":"INT","column":22,"line":1,"name":"id","node":"ColumnDef"},{"col_type":"VARCHAR","column":29,"line":1,"name":"name","node":"ColumnDef"}],"line":1,"node":"CreateTableStmt","table":"student"}]
SEMANTIC: OK
PLAN: {"columns":[{"column":22,"line":1,"name":"id","type":"INT"},{"column":29,"line":1,"name":"name","type":"VARCHAR"}],"op":"CreateTable","table":"student"}
OPT_PLAN: {"columns":[{"column":22,"line":1,"name":"id","type":"INT"},{"column":29,"line":1,"name":"name","type":"VARCHAR"}],"op":"CreateTable","table":"student"}
TOKENS: [{"column":1,"lexeme":"INSERT","line":2,"type":"KEYWORD"},{"column":8,"lexeme":"INTO","line":2,"type":"KEYWORD"},{"column":13,"lexeme":"student","line":2,"type":"IDENTIFIER"},{"column":20,"lexeme":"(","line":2,"type":"DELIMITER"},{"column":21,"lexeme":"id","line":2,"type":"IDENTIFIER"},{"column":23,"lexeme":",","line":2,"type":"DELIMITER"},{"column":24,"lexeme":"name","line":2,"type":"IDENTIFIER"},{"column":28,"lexeme":")","line":2,"type":"DELIMITER"},{"column":30,"lexeme":"VALUES","line":2,"type":"KEYWORD"},{"column":36,"lexeme":"(","line":2,"type":"DELIMITER"},{"column":37,"lexeme":"TRUE","line":2,"type":"KEYWORD"},{"column":41,"lexeme":",","line":2,"type":"DELIMITER"},{"column":42,"lexeme":"1.5","line":2,"type":"CONST"},{"column":45,"lexeme":")","line":2,"type":"DELIMITER"},{"column":46,"lexeme":";","line":2,"type":"DELIMITER"},{"column":47,"lexeme":"","line":2,"type":"EOF"}]
AST: [{"column":1,"columns":["id","name"],"line":2,"node":"InsertStmt","table":"student","values":[{"column":37,"line":2,"lit_type":"BOOL","node":"LiteralExpr","value":true},{"column":42,"line":2,"lit_type":"FLOAT","node":"LiteralExpr","value":1.5}]}]
[SEMANTIC] Error at line 2, column 37: 列 id 需要 INT，实际为 BOOL
[SEMANTIC] Error at line 2, column 42: 列 name 需要 VARCHAR，实际为 FLOAT
EXIT: 1
