TOKENS: [{"column":1,"lexeme":"CREATE","line":1,"type":"KEYWORD"},{"column":8,"lexeme":"TABLE","line":1,"type":"KEYWORD"},{"column":14,"lexeme":"t","line":1,"type":"IDENTIFIER"},{"column":15,"lexeme":"(","line":1,"type":"DELIMITER"},{"column":16,"lexeme":"id","line":1,"type":"IDENTIFIER"},{"column":19,"lexeme":"INT","line":1,"type":"KEYWORD"},{"column":22,"lexeme":")","line":1,"type":"DELIMITER"},{"column":23,"lexeme":";","line":1,"type":"DELIMITER"},{"column":24,"lexeme":"","line":1,"type":"EOF"}]
AST: [{"column":1,"columns":[{"col_type":"INT","column":16,"line":1,"name":"id","node":"ColumnDef"}],"line":1,"node":"CreateTableStmt","table":"t"}]
SEMANTIC: OK
PLAN: {"columns":[{"column":16,"line":1,"name":"id","type":"INT"}],"op":"CreateTable","table":"t"}
OPT_PLAN: {"columns":[{"column":16,"line":1,"name":"id","type":"INT"}],"op":"CreateTable","table":"t"}
TOKENS: [{"column":1,"lexeme":"SELECT","line":2,"type":"KEYWORD"},{"column":8,"lexeme":"id","line":2,"type":"IDENTIFIER"},{"column":11,"lexeme":"AS","line":2,"type":"IDENTIFIER"},{"column":14,"lexeme":"number","line":2,"type":"IDENTIFIER"},{"column":21,"lexeme":"FROM","line":2,"type":"KEYWORD"},{"column":26,"lexeme":"t","line":2,"type":"IDENTIFIER"},{"column":28,"lexeme":"ORDER","line":2,"type":"KEYWORD"},{"column":34,"lexeme":"BY","line":2,"type":"KEYWORD"},{"column":37,"lexeme":"number","line":2,"type":"IDENTIFIER"},{"column":44,"lexeme":"DESC","line":2,"type":"IDENTIFIER"},{"column":48,"lexeme":";","line":2,"type":"DELIMITER"},{"column":49,"lexeme":"","line":2,"type":"EOF"}]
AST: [{"column":1,"columns":[],"items":[{"alias":"number","column":8,"expr":{"column":8,"line":2,"name":"id","node":"IdentifierExpr"},"line":2,"node":"SelectItem","qualifier":null}],"line":2,"node":"SelectStmt","order_by":[{"column":37,"descending":true,"expr":{"column":37,"line":2,"name":"number","node":"IdentifierExpr"},"line":2,"node":"OrderItem"}],"table":"t","where":null}]
SEMANTIC: OK
PLAN: {"child":{"child":{"op":"SeqScan","output":[{"name":"id","qualifier":"t","type":"INT"}],"table":"t"},"keys":[{"descending":true,"expr":{"column":8,"index":0,"line":2,"node":"BoundColumnExpr","value_type":"INT"}}],"op":"Sort"},"items":[{"expr":{"column":8,"index":0,"line":2,"node":"BoundColumnExpr","value_type":"INT"},"label":"number"}],"op":"Project"}
OPT_PLAN: {"child":{"child":{"op":"SeqScan","output":[{"name":"id","qualifier":"t","type":"INT"}],"table":"t"},"keys":[{"descending":true,"expr":{"column":8,"index":0,"line":2,"node":"BoundColumnExpr","value_type":"INT"}}],"op":"Sort"},"items":[{"expr":{"column":8,"index":0,"line":2,"node":"BoundColumnExpr","value_type":"INT"},"label":"number"}],"op":"Project"}
EXIT: 0
