TOKENS: [{"column":1,"lexeme":"CREATE","line":1,"type":"KEYWORD"},{"column":8,"lexeme":"TABLE","line":1,"type":"KEYWORD"},{"column":14,"lexeme":"t","line":1,"type":"IDENTIFIER"},{"column":15,"lexeme":"(","line":1,"type":"DELIMITER"},{"column":16,"lexeme":"id","line":1,"type":"IDENTIFIER"},{"column":19,"lexeme":"INT","line":1,"type":"KEYWORD"},{"column":22,"lexeme":")","line":1,"type":"DELIMITER"},{"column":23,"lexeme":";","line":1,"type":"DELIMITER"},{"column":24,"lexeme":"","line":1,"type":"EOF"}]
AST: [{"column":1,"columns":[{"col_type":"INT","column":16,"line":1,"name":"id","node":"ColumnDef"}],"line":1,"node":"CreateTableStmt","table":"t"}]
SEMANTIC: OK
PLAN: {"columns":[{"column":16,"line":1,"name":"id","type":"INT"}],"op":"CreateTable","table":"t"}
OPT_PLAN: {"columns":[{"column":16,"line":1,"name":"id","type":"INT"}],"op":"CreateTable","table":"t"}
TOKENS: [{"column":1,"lexeme":"UPDATE","line":2,"type":"KEYWORD"},{"column":8,"lexeme":"t","line":2,"type":"IDENTIFIER"},{"column":10,"lexeme":"SET","line":2,"type":"KEYWORD"},{"column":14,"lexeme":"id","line":2,"type":"IDENTIFIER"},{"column":16,"lexeme":"=","line":2,"type":"OPERATOR"},{"column":17,"lexeme":"id","line":2,"type":"IDENTIFIER"},{"column":19,"lexeme":"+","line":2,"type":"OPERATOR"},{"column":20,"lexeme":"1","line":2,"type":"CONST"},{"column":21,"lexeme":";","line":2,"type":"DELIMITER"},{"column":22,"lexeme":"","line":2,"type":"EOF"}]
AST: [{"assignments":[{"column":14,"line":2,"name":"id","node":"Assignment","value":{"column":19,"left":{"column":17,"line":2,"name":"id","node":"IdentifierExpr"},"line":2,"node":"BinaryExpr","op":"+","right":{"column":20,"line":2,"lit_type":"INT","node":"LiteralExpr","value":1}}}],"column":1,"line":2,"node":"UpdateStmt","table":"t","where":null}]
SEMANTIC: OK
PLAN: {"assignments":[{"expr":{"column":19,"left":{"column":17,"index":0,"line":2,"node":"BoundColumnExpr","value_type":"INT"},"line":2,"node":"BinaryExpr","op":"+","right":{"column":20,"line":2,"lit_type":"INT","node":"LiteralExpr","value":1,"value_type":"INT"},"value_type":"INT"},"index":0}],"child":{"op":"SeqScan","table":"t"},"op":"Update","table":"t"}
OPT_PLAN: {"assignments":[{"expr":{"column":19,"left":{"column":17,"index":0,"line":2,"node":"BoundColumnExpr","value_type":"INT"},"line":2,"node":"BinaryExpr","op":"+","right":{"column":20,"line":2,"lit_type":"INT","node":"LiteralExpr","value":1,"value_type":"INT"},"value_type":"INT"},"index":0}],"child":{"op":"SeqScan","table":"t"},"op":"Update","table":"t"}
EXIT: 0
